src/components/CameraRig.tsx(14,15): error TS6133: 'state' is declared but its value is never read.
src/components/CameraRig.tsx(59,5): error TS1232: An import declaration can only be used at the top level of a namespace or module.
